// Vitest Snapshot v1, https://vitest.dev/guide/snapshot.html

exports[`CustomIcon Component > matches the snapshot 1`] = `
<DocumentFragment>
  <svg
    data-testid="customIcon"
    fill="none"
    height="18"
    stroke="#CA8144"
    stroke-linecap="round"
    stroke-linejoin="round"
    stroke-width="2"
    viewBox="0 0 24 24"
    width="18"
    xmlns="http://www.w3.org/2000/svg"
  >
    <path
      d="M12 9v3.75m-9.303 3.376c-.866 1.5.217 3.374 1.948 3.374h14.71c1.73 0 2.813-1.874 1.948-3.374L13.949 3.378c-.866-1.5-3.032-1.5-3.898 0L2.697 16.126zM12 15.75h.007v.008H12v-.008z"
    />
  </svg>
</DocumentFragment>
`;
